../Core/Src/main.c:77:5:main	16	static
../Core/Src/main.c:134:6:SystemClock_Config	88	static
../Core/Src/main.c:189:13:MX_ADC1_Init	24	static
../Core/Src/main.c:251:13:MX_TIM1_Init	32	static
../Core/Src/main.c:297:13:MX_TIM2_Init	64	static
../Core/Src/main.c:356:13:MX_USART2_UART_Init	8	static
../Core/Src/main.c:389:13:MX_GPIO_Init	40	static
../Core/Src/main.c:416:6:HAL_ADC_ConvCpltCallback	16	static
../Core/Src/main.c:428:6:HAL_TIM_PeriodElapsedCallback	72	static
../Core/Src/main.c:443:6:Error_Handler	4	static,ignoring_inline_asm
