../Core/Src/main.c:69:5:main	8	static
../Core/Src/main.c:116:6:SystemClock_Config	88	static
../Core/Src/main.c:158:13:MX_ADC1_Init	24	static
../Core/Src/main.c:210:13:MX_TIM2_Init	64	static
../Core/Src/main.c:268:13:MX_GPIO_Init	32	static
../Core/Src/main.c:294:6:HAL_TIM_PeriodElapsedCallback	16	static
../Core/Src/main.c:300:6:HAL_TIM_PWM_PulseFinishedCallback	16	static
../Core/Src/main.c:305:6:HAL_ADC_ConvCpltCallback	16	static
../Core/Src/main.c:320:6:Error_Handler	4	static,ignoring_inline_asm
